 RADACC            1     0.0000000000000000     
 RADACC            2     0.0000000000000000     
 RADACC            3     0.0000000000000000     
 RADACC            4     0.0000000000000000     
 RADACC            5     0.0000000000000000     
 RADACC            6     0.0000000000000000     
 RADACC            7     0.0000000000000000     
 RADACC            8     0.0000000000000000     
 RADACC            9     0.0000000000000000     
 RADACC           10     0.0000000000000000     
 RADACC           11     0.0000000000000000     
 RADACC           12     0.0000000000000000     
 RADACC           13     0.0000000000000000     
 RADACC           14     0.0000000000000000     
 RADACC           15     0.0000000000000000     
 RADACC           16     0.0000000000000000     
 RADACC           17     0.0000000000000000     
 RADACC           18     0.0000000000000000     
 RADACC           19     0.0000000000000000     
 RADACC           20     0.0000000000000000     
 RADACC           21     0.0000000000000000     
 RADACC           22     0.0000000000000000     
 RADACC           23     0.0000000000000000     
 RADACC           24     0.0000000000000000     
 RADACC           25     0.0000000000000000     
 RADACC           26     0.0000000000000000     
 RADACC           27     0.0000000000000000     
 RADACC           28     0.0000000000000000     
 RADACC           29     0.0000000000000000     
 RADACC           30     0.0000000000000000     
 RADACC           31     0.0000000000000000     
 RADACC           32     0.0000000000000000     
 RADACC           33     0.0000000000000000     
 RADACC           34     0.0000000000000000     
 RADACC           35     0.0000000000000000     
 RADACC           36     0.0000000000000000     
 RADACC           37     0.0000000000000000     
 RADACC           38     0.0000000000000000     
 RADACC           39     0.0000000000000000     
 RADACC           40     0.0000000000000000     
 RADACC           41     0.0000000000000000     
 RADACC           42     0.0000000000000000     
 RADACC           43     0.0000000000000000     
 RADACC           44     0.0000000000000000     
 RADACC           45     0.0000000000000000     
 RADACC           46     0.0000000000000000     
 RADACC           47     0.0000000000000000     
 RADACC           48     0.0000000000000000     
 RADACC           49     0.0000000000000000     
 RADACC           50     0.0000000000000000     
 RADACC           51     0.0000000000000000     
 RADACC           52     0.0000000000000000     
 RADACC           53     0.0000000000000000     
 RADACC           54     0.0000000000000000     
 RADACC           55     0.0000000000000000     
 RADACC           56     0.0000000000000000     
 RADACC           57     0.0000000000000000     
 RADACC           58     0.0000000000000000     
 RADACC           59     0.0000000000000000     
 RADACC           60     0.0000000000000000     
 RADACC           61     0.0000000000000000     
 RADACC           62     0.0000000000000000     
 RADACC           63     0.0000000000000000     
 RADACC           64     0.0000000000000000     
 RADACC           65     0.0000000000000000     
 RADACC           66     0.0000000000000000     
 RADACC           67     0.0000000000000000     
